<html>
<body>
<pre>
<h1>µVision Build Log</h1>
<h2>Tool Versions:</h2>
IDE-Version: µVision V5.28.0.0
Copyright (C) 2019 ARM Ltd and ARM Germany GmbH. All rights reserved.
License Information: Vien Nguyen Lam, HCMUT, LIC=JDASB-2LXAL-05HTY-IBRS5-EIBFU-V654S
 
Tool Versions:
Toolchain:       MDK-ARM Professional  Version: 5.28.0.0
Toolchain Path:  C:\Keil_v5\ARM\ARMCC\Bin
C Compiler:      Armcc.exe V5.06 update 6 (build 750)
Assembler:       Armasm.exe V5.06 update 6 (build 750)
Linker/Locator:  ArmLink.exe V5.06 update 6 (build 750)
Library Manager: ArmAr.exe V5.06 update 6 (build 750)
Hex Converter:   FromElf.exe V5.06 update 6 (build 750)
CPU DLL:         SARMCM3.DLL V5.28.0.0
Dialog DLL:      DCM.DLL V1.17.3.0
Target DLL:      STLink\ST-LINKIII-KEIL_SWO.dll V3.0.6.0
Dialog DLL:      TCM.DLL V1.36.2.0
 
<h2>Project:</h2>
E:\STUDY\192_semester\Design_Project\Code\Smart_Agricultural\Smart_Agriculture.uvprojx
Project File Date:  07/04/2020

<h2>Output:</h2>
*** Using Compiler 'V5.06 update 6 (build 750)', folder: 'C:\Keil_v5\ARM\ARMCC\Bin'
Build target 'Smart_Agriculture'
compiling DS18B20.c...
Mylib\Systick.h(16): warning:  #1-D: last line of file ends without a newline
  #endif
Mylib\Timerx.h(15): warning:  #1-D: last line of file ends without a newline
  #endif
Mylib\GPIO.h(13): warning:  #1-D: last line of file ends without a newline
  #endif
Mylib\DS18B20.h(23): warning:  #1-D: last line of file ends without a newline
  #endif
Mylib\DS18B20.c(25): warning:  #68-D: integer conversion resulted in a change of sign
          Response = -1;
Mylib\DS18B20.c(125): warning:  #1035-D: single-precision operand implicitly converted to double-precision
      temp2 = (float)temp1 / 16.0;
Mylib\DS18B20.c(127): warning:  #1-D: last line of file ends without a newline
  }
Mylib\DS18B20.c(106): warning:  #550-D: variable "Presence"  was set but never used
      uint8_t Presence;
Mylib\DS18B20.c: 8 warnings, 0 errors
linking...
Program Size: Code=3144 RO-data=424 RW-data=32 ZI-data=1632  
FromELF: creating hex file...
".\Objects\Smart_Agriculture.axf" - 0 Error(s), 8 Warning(s).

<h2>Software Packages used:</h2>

Package Vendor: ARM
                http://www.keil.com/pack/ARM.CMSIS.5.5.1.pack
                ARM.CMSIS.5.5.1
                CMSIS (Cortex Microcontroller Software Interface Standard)
   * Component: CORE Version: 5.2.0

Package Vendor: Keil
                http://www.keil.com/pack/Keil.STM32F4xx_DFP.2.14.0.pack
                Keil.STM32F4xx_DFP.2.14.0
                STMicroelectronics STM32F4 Series Device Support, Drivers and Examples

<h2>Collection of Component include folders:</h2>
  .\RTE\_Smart_Agriculture
  C:\Users\Lam_Vien\AppData\Local\Arm\Packs\ARM\CMSIS\5.5.1\CMSIS\Core\Include
  C:\Users\Lam_Vien\AppData\Local\Arm\Packs\Keil\STM32F4xx_DFP\2.14.0\Drivers\CMSIS\Device\ST\STM32F4xx\Include

<h2>Collection of Component Files used:</h2>

   * Component: ARM::CMSIS:CORE:5.2.0
Build Time Elapsed:  00:00:02
</pre>
</body>
</html>
